........................................................................ [  7%]
........................................................................ [ 14%]
........................................................................ [ 21%]
........................................................................ [ 28%]
........................................................................ [ 35%]
........................................................................ [ 42%]
........................................................................ [ 49%]
........................................................................ [ 56%]
........................................................................ [ 63%]
........................................................................ [ 70%]
........................................................................ [ 77%]
........................................................................ [ 85%]
........................................................................ [ 92%]
................ss...................................................... [ 99%]
........                                                                 [100%]
1014 passed, 2 skipped in 64.61s (0:01:04)
